// Jest Snapshot v1, https://goo.gl/fbAQLP

exports[`renders correctly 1`] = `
<div
  className="fixed bottom-8 right-8 p-4 bg-red-100 shadow-lg rounded-lg w-full max-w-md"
>
  <h3
    className="text-2xl font-semibold mb-4 text-red-700"
  >
    To-Do List
  </h3>
  <form
    className="flex mb-4"
    onSubmit={[Function]}
  >
    <input
      className="border border-red-300 p-2 rounded-l-lg flex-grow focus:outline-none focus:border-red-500"
      onChange={[Function]}
      placeholder="Enter a new task"
      type="text"
      value=""
    />
    <button
      className="bg-red-500 text-white p-2 rounded-r-lg hover:bg-red-600 transition"
      type="submit"
    >
      Add
    </button>
  </form>
  <ul
    className="list-disc list-inside"
  />
</div>
`;
